Archive member included because of file (symbol)

c:/freescale/kds_2.0.0/toolchain/bin/../lib/gcc/arm-none-eabi/4.8.0/../../../../arm-none-eabi/lib\libg_s.a(lib_a-atexit.o)
                              c:/freescale/kds_2.0.0/toolchain/bin/../lib/gcc/arm-none-eabi/4.8.0/../../../../arm-none-eabi/lib/crt0.o (atexit)
c:/freescale/kds_2.0.0/toolchain/bin/../lib/gcc/arm-none-eabi/4.8.0/../../../../arm-none-eabi/lib\libg_s.a(lib_a-exit.o)
                              c:/freescale/kds_2.0.0/toolchain/bin/../lib/gcc/arm-none-eabi/4.8.0/../../../../arm-none-eabi/lib/crt0.o (exit)
c:/freescale/kds_2.0.0/toolchain/bin/../lib/gcc/arm-none-eabi/4.8.0/../../../../arm-none-eabi/lib\libg_s.a(lib_a-fini.o)
                              c:/freescale/kds_2.0.0/toolchain/bin/../lib/gcc/arm-none-eabi/4.8.0/../../../../arm-none-eabi/lib\libg_s.a(lib_a-exit.o) (__libc_fini_array)
c:/freescale/kds_2.0.0/toolchain/bin/../lib/gcc/arm-none-eabi/4.8.0/../../../../arm-none-eabi/lib\libg_s.a(lib_a-impure.o)
                              c:/freescale/kds_2.0.0/toolchain/bin/../lib/gcc/arm-none-eabi/4.8.0/../../../../arm-none-eabi/lib\libg_s.a(lib_a-exit.o) (_global_impure_ptr)
c:/freescale/kds_2.0.0/toolchain/bin/../lib/gcc/arm-none-eabi/4.8.0/../../../../arm-none-eabi/lib\libg_s.a(lib_a-memset.o)
                              c:/freescale/kds_2.0.0/toolchain/bin/../lib/gcc/arm-none-eabi/4.8.0/../../../../arm-none-eabi/lib/crt0.o (memset)
c:/freescale/kds_2.0.0/toolchain/bin/../lib/gcc/arm-none-eabi/4.8.0/../../../../arm-none-eabi/lib\libg_s.a(lib_a-syscalls.o)
                              c:/freescale/kds_2.0.0/toolchain/bin/../lib/gcc/arm-none-eabi/4.8.0/../../../../arm-none-eabi/lib\libg_s.a(lib_a-exit.o) (_exit)
c:/freescale/kds_2.0.0/toolchain/bin/../lib/gcc/arm-none-eabi/4.8.0/../../../../arm-none-eabi/lib\libg_s.a(lib_a-__atexit.o)
                              c:/freescale/kds_2.0.0/toolchain/bin/../lib/gcc/arm-none-eabi/4.8.0/../../../../arm-none-eabi/lib\libg_s.a(lib_a-atexit.o) (__do_register_exitproc)
c:/freescale/kds_2.0.0/toolchain/bin/../lib/gcc/arm-none-eabi/4.8.0/../../../../arm-none-eabi/lib\libg_s.a(lib_a-__call_atexit.o)
                              c:/freescale/kds_2.0.0/toolchain/bin/../lib/gcc/arm-none-eabi/4.8.0/../../../../arm-none-eabi/lib\libg_s.a(lib_a-__atexit.o) (__call_exitprocs)
c:/freescale/kds_2.0.0/toolchain/bin/../lib/gcc/arm-none-eabi/4.8.0/../../../../arm-none-eabi/lib\libg_s.a(lib_a-errno.o)
                              c:/freescale/kds_2.0.0/toolchain/bin/../lib/gcc/arm-none-eabi/4.8.0/../../../../arm-none-eabi/lib\libg_s.a(lib_a-syscalls.o) (__errno)
c:/freescale/kds_2.0.0/toolchain/bin/../lib/gcc/arm-none-eabi/4.8.0/../../../../arm-none-eabi/lib\libg_s.a(lib_a-malloc.o)
                              c:/freescale/kds_2.0.0/toolchain/bin/../lib/gcc/arm-none-eabi/4.8.0/../../../../arm-none-eabi/lib\libg_s.a(lib_a-__atexit.o) (malloc)
c:/freescale/kds_2.0.0/toolchain/bin/../lib/gcc/arm-none-eabi/4.8.0/../../../../arm-none-eabi/lib\libg_s.a(lib_a-mallocr.o)
                              c:/freescale/kds_2.0.0/toolchain/bin/../lib/gcc/arm-none-eabi/4.8.0/../../../../arm-none-eabi/lib\libg_s.a(lib_a-malloc.o) (_malloc_r)
c:/freescale/kds_2.0.0/toolchain/bin/../lib/gcc/arm-none-eabi/4.8.0/../../../../arm-none-eabi/lib\libg_s.a(lib_a-sbrkr.o)
                              c:/freescale/kds_2.0.0/toolchain/bin/../lib/gcc/arm-none-eabi/4.8.0/../../../../arm-none-eabi/lib\libg_s.a(lib_a-mallocr.o) (_sbrk_r)
c:/freescale/kds_2.0.0/toolchain/bin/../lib/gcc/arm-none-eabi/4.8.0/../../../../arm-none-eabi/lib\libg_s.a(lib_a-strlen.o)
                              c:/freescale/kds_2.0.0/toolchain/bin/../lib/gcc/arm-none-eabi/4.8.0/../../../../arm-none-eabi/lib\libg_s.a(lib_a-syscalls.o) (strlen)
c:/freescale/kds_2.0.0/toolchain/bin/../lib/gcc/arm-none-eabi/4.8.0/../../../../arm-none-eabi/lib\libg_s.a(lib_a-freer.o)
                              c:/freescale/kds_2.0.0/toolchain/bin/../lib/gcc/arm-none-eabi/4.8.0/../../../../arm-none-eabi/lib\libg_s.a(lib_a-malloc.o) (_free_r)
c:/freescale/kds_2.0.0/toolchain/bin/../lib/gcc/arm-none-eabi/4.8.0/../../../../arm-none-eabi/lib\libg_s.a(lib_a-reent.o)
                              c:/freescale/kds_2.0.0/toolchain/bin/../lib/gcc/arm-none-eabi/4.8.0/../../../../arm-none-eabi/lib\libg_s.a(lib_a-sbrkr.o) (errno)

Allocating common symbols
Common symbol       size              file

errno               0x4               c:/freescale/kds_2.0.0/toolchain/bin/../lib/gcc/arm-none-eabi/4.8.0/../../../../arm-none-eabi/lib\libg_s.a(lib_a-reent.o)
AD1_OutV            0x2               ./Generated_Code/AD1.o
AdcLdd1_DeviceDataPtr
                    0x4               ./Generated_Code/AD1.o
SR_reg              0x1               ./Generated_Code/Cpu.o

Discarded input sections

 .text          0x00000000        0x0 c:/freescale/kds_2.0.0/toolchain/bin/../lib/gcc/arm-none-eabi/4.8.0/crti.o
[...]
Memory Configuration

Name             Origin             Length             Attributes
m_interrupts     0x00000000         0x000000c0         xr
m_text           0x00000410         0x0001fbf0         xr
m_data           0x1ffff000         0x00004000         rw
m_cfmprotrom     0x00000400         0x00000010         xr
*default*        0x00000000         0xffffffff

Linker script and memory map

LOAD c:/freescale/kds_2.0.0/toolchain/bin/../lib/gcc/arm-none-eabi/4.8.0/crti.o
LOAD c:/freescale/kds_2.0.0/toolchain/bin/../lib/gcc/arm-none-eabi/4.8.0/crtbegin.o
LOAD c:/freescale/kds_2.0.0/toolchain/bin/../lib/gcc/arm-none-eabi/4.8.0/../../../../arm-none-eabi/lib/crt0.o
LOAD ./Sources/Application.o
LOAD ./Sources/Events.o
LOAD ./Sources/main.o
LOAD ./Project_Settings/Startup_Code/startup.o
LOAD ./Generated_Code/AD1.o
LOAD ./Generated_Code/AS1.o
LOAD ./Generated_Code/AdcLdd1.o
LOAD ./Generated_Code/BitIoLdd1.o
LOAD ./Generated_Code/BitIoLdd2.o
LOAD ./Generated_Code/CLK.o
LOAD ./Generated_Code/Cpu.o
LOAD ./Generated_Code/PE_LDD.o
LOAD ./Generated_Code/RxBuf.o
LOAD ./Generated_Code/SI.o
LOAD ./Generated_Code/TI1.o
LOAD ./Generated_Code/TU1.o
LOAD ./Generated_Code/TimerIntLdd1.o
LOAD ./Generated_Code/Vectors.o
LOAD c:/freescale/kds_2.0.0/toolchain/bin/../lib/gcc/arm-none-eabi/4.8.0/../../../../arm-none-eabi/lib\libstdc++.a
LOAD c:/freescale/kds_2.0.0/toolchain/bin/../lib/gcc/arm-none-eabi/4.8.0/../../../../arm-none-eabi/lib\libm.a
START GROUP
LOAD c:/freescale/kds_2.0.0/toolchain/bin/../lib/gcc/arm-none-eabi/4.8.0\libgcc.a
LOAD c:/freescale/kds_2.0.0/toolchain/bin/../lib/gcc/arm-none-eabi/4.8.0/../../../../arm-none-eabi/lib\libg_s.a
LOAD c:/freescale/kds_2.0.0/toolchain/bin/../lib/gcc/arm-none-eabi/4.8.0/../../../../arm-none-eabi/lib\libc_s.a
END GROUP
LOAD c:/freescale/kds_2.0.0/toolchain/bin/../lib/gcc/arm-none-eabi/4.8.0/crtend.o
LOAD c:/freescale/kds_2.0.0/toolchain/bin/../lib/gcc/arm-none-eabi/4.8.0/crtn.o
                0x20003000                _estack = 0x20003000
                0x20003000                __SP_INIT = _estack
                0x00000000                __heap_size = 0x0
                0x00000400                __stack_size = 0x400

.interrupts     0x00000000       0xc0
                0x00000000                __vector_table = .
                0x00000000                . = ALIGN (0x4)
 *(.vectortable)
 .vectortable   0x00000000       0xc0 ./Generated_Code/Vectors.o
                0x00000000                __vect_table
                0x000000c0                . = ALIGN (0x4)

.cfmprotect     0x00000400       0x10
                0x00000400                . = ALIGN (0x4)
 *(.cfmconfig)
 .cfmconfig     0x00000400       0x10 ./Generated_Code/Cpu.o
                0x00000400                _cfm
                0x00000410                . = ALIGN (0x4)

.text           0x00000410     0x14ac
                0x00000410                . = ALIGN (0x4)
 *(.text)
 *(.text*)
 .text.deregister_tm_clones
                0x00000410       0x24 c:/freescale/kds_2.0.0/toolchain/bin/../lib/gcc/arm-none-eabi/4.8.0/crtbegin.o
 .text.register_tm_clones
                0x00000434       0x28 c:/freescale/kds_2.0.0/toolchain/bin/../lib/gcc/arm-none-eabi/4.8.0/crtbegin.o
 .text.__do_global_dtors_aux
                0x0000045c       0x30 c:/freescale/kds_2.0.0/toolchain/bin/../lib/gcc/arm-none-eabi/4.8.0/crtbegin.o
 .text.frame_dummy
                0x0000048c       0x3c c:/freescale/kds_2.0.0/toolchain/bin/../lib/gcc/arm-none-eabi/4.8.0/crtbegin.o
 .text.SendChar
                0x000004c8       0x40 ./Sources/Application.o
 .text.SendString
                0x00000508       0x2c ./Sources/Application.o
 .text.Init     0x00000534       0x50 ./Sources/Application.o
 .text.APP_Run  0x00000584       0x70 ./Sources/Application.o
                0x00000584                APP_Run
 .text.Cpu_OnNMIINT
                0x000005f4        0x8 ./Sources/Events.o
                0x000005f4                Cpu_OnNMIINT
 .text.Interrupcao
                0x000005fc       0xc4 ./Sources/Events.o
                0x000005fc                Interrupcao
 .text.AD1_OnEnd
                0x000006c0        0x8 ./Sources/Events.o
                0x000006c0                AD1_OnEnd
 .text.AD1_OnCalibrationEnd
                0x000006c8        0x8 ./Sources/Events.o
                0x000006c8                AD1_OnCalibrationEnd
 .text.AS1_OnBlockReceived
                0x000006d0       0x30 ./Sources/Events.o
                0x000006d0                AS1_OnBlockReceived
 .text.AS1_OnBlockSent
                0x00000700       0x18 ./Sources/Events.o
                0x00000700                AS1_OnBlockSent
 .text.main     0x00000718       0x10 ./Sources/main.o
                0x00000718                main
 .text.__flush_cache
                0x00000728       0x10 ./Project_Settings/Startup_Code/startup.o
                0x00000728                __flush_cache
 .text.__copy_rom_section
                0x00000738       0xd8 ./Project_Settings/Startup_Code/startup.o
                0x00000738                __copy_rom_section
 .text.__copy_rom_sections_to_ram
                0x00000810       0xc0 ./Project_Settings/Startup_Code/startup.o
                0x00000810                __copy_rom_sections_to_ram
 .text.zero_fill_bss
                0x000008d0       0xac ./Project_Settings/Startup_Code/startup.o
 .text.__init_registers
                0x0000097c        0x8 ./Project_Settings/Startup_Code/startup.o
                0x0000097c                __init_registers
 .text.__init_user
                0x00000984        0x8 ./Project_Settings/Startup_Code/startup.o
                0x00000984                __init_user
 .text.__thumb_startup
                0x0000098c       0x48 ./Project_Settings/Startup_Code/startup.o
                0x0000098c                __thumb_startup
 .text.AD1_HWEnDi
                0x000009d4       0x48 ./Generated_Code/AD1.o
                0x000009d4                AD1_HWEnDi
 .text.AD1_Measure
                0x00000a1c       0x48 ./Generated_Code/AD1.o
                0x00000a1c                AD1_Measure
 .text.AD1_GetValue16
                0x00000a64       0x34 ./Generated_Code/AD1.o
                0x00000a64                AD1_GetValue16
 .text.AdcLdd1_OnMeasurementComplete
                0x00000a98       0x5c ./Generated_Code/AD1.o
                0x00000a98                AdcLdd1_OnMeasurementComplete
 .text.AD1_Init
                0x00000af4       0x2c ./Generated_Code/AD1.o
                0x00000af4                AD1_Init
 .text.AS1_Init
                0x00000b20      0x1b0 ./Generated_Code/AS1.o
                0x00000b20                AS1_Init
 .text.AS1_ReceiveBlock
                0x00000cd0       0x98 ./Generated_Code/AS1.o
                0x00000cd0                AS1_ReceiveBlock
 .text.AS1_SendBlock
                0x00000d68       0xc4 ./Generated_Code/AS1.o
                0x00000d68                AS1_SendBlock
 .text.InterruptRx
                0x00000e2c       0x58 ./Generated_Code/AS1.o
 .text.InterruptTx
                0x00000e84       0x80 ./Generated_Code/AS1.o
 .text.AS1_Interrupt
                0x00000f04       0x64 ./Generated_Code/AS1.o
                0x00000f04                AS1_Interrupt
 .text.AdcLdd1_Init
                0x00000f68       0xc8 ./Generated_Code/AdcLdd1.o
                0x00000f68                AdcLdd1_Init
 .text.AdcLdd1_StartSingleMeasurement
                0x00001030       0x44 ./Generated_Code/AdcLdd1.o
                0x00001030                AdcLdd1_StartSingleMeasurement
 .text.AdcLdd1_CreateSampleGroup
                0x00001074       0x64 ./Generated_Code/AdcLdd1.o
                0x00001074                AdcLdd1_CreateSampleGroup
 .text.AdcLdd1_GetMeasuredValues
                0x000010d8       0x60 ./Generated_Code/AdcLdd1.o
                0x000010d8                AdcLdd1_GetMeasuredValues
 .text.AdcLdd1_GetCalibrationResultStatus
                0x00001138       0xb8 ./Generated_Code/AdcLdd1.o
                0x00001138                AdcLdd1_GetCalibrationResultStatus
 .text.AdcLdd1_MeasurementCompleteInterrupt
                0x000011f0       0x30 ./Generated_Code/AdcLdd1.o
                0x000011f0                AdcLdd1_MeasurementCompleteInterrupt
 .text.BitIoLdd1_Init
                0x00001220       0x60 ./Generated_Code/BitIoLdd1.o
                0x00001220                BitIoLdd1_Init
 .text.BitIoLdd1_ClrVal
                0x00001280       0x18 ./Generated_Code/BitIoLdd1.o
                0x00001280                BitIoLdd1_ClrVal
 .text.BitIoLdd1_SetVal
                0x00001298       0x18 ./Generated_Code/BitIoLdd1.o
                0x00001298                BitIoLdd1_SetVal
 .text.BitIoLdd2_Init
                0x000012b0       0x60 ./Generated_Code/BitIoLdd2.o
                0x000012b0                BitIoLdd2_Init
 .text.BitIoLdd2_ClrVal
                0x00001310       0x18 ./Generated_Code/BitIoLdd2.o
                0x00001310                BitIoLdd2_ClrVal
 .text.BitIoLdd2_SetVal
                0x00001328       0x18 ./Generated_Code/BitIoLdd2.o
                0x00001328                BitIoLdd2_SetVal
 .text.Cpu_INT_NMIInterrupt
                0x00001340        0xc ./Generated_Code/Cpu.o
                0x00001340                Cpu_INT_NMIInterrupt
 .text.Cpu_Interrupt
                0x0000134c        0xc ./Generated_Code/Cpu.o
                0x0000134c                Cpu_Interrupt
 .text.__init_hardware
                0x00001358      0x120 ./Generated_Code/Cpu.o
                0x00001358                __init_hardware
 .text.PE_low_level_init
                0x00001478       0xe4 ./Generated_Code/Cpu.o
                0x00001478                PE_low_level_init
 .text.RxBuf_Put
                0x0000155c       0xc0 ./Generated_Code/RxBuf.o
                0x0000155c                RxBuf_Put
 .text.RxBuf_Get
                0x0000161c       0xbc ./Generated_Code/RxBuf.o
                0x0000161c                RxBuf_Get
 .text.RxBuf_NofElements
                0x000016d8       0x14 ./Generated_Code/RxBuf.o
                0x000016d8                RxBuf_NofElements
 .text.RxBuf_Init
                0x000016ec       0x28 ./Generated_Code/RxBuf.o
                0x000016ec                RxBuf_Init
 .text.TimerIntLdd1_OnInterrupt
                0x00001714       0x14 ./Generated_Code/TI1.o
                0x00001714                TimerIntLdd1_OnInterrupt
 .text.TU1_Init
                0x00001728       0xbc ./Generated_Code/TU1.o
                0x00001728                TU1_Init
 .text.TU1_Interrupt
                0x000017e4       0x30 ./Generated_Code/TU1.o
                0x000017e4                TU1_Interrupt
 .text.TimerIntLdd1_Init
                0x00001814       0x50 ./Generated_Code/TimerIntLdd1.o
                0x00001814                TimerIntLdd1_Init
 .text.TU1_OnCounterRestart
                0x00001864       0x24 ./Generated_Code/TimerIntLdd1.o
                0x00001864                TU1_OnCounterRestart
 *(.rodata)
 .rodata        0x00001888       0x1c ./Sources/Application.o
 *(.rodata*)
 *(.glue_7)
 .glue_7        0x00000000        0x0 linker stubs
 *(.glue_7t)
 .glue_7t       0x00000000        0x0 linker stubs
 *(.eh_frame)
 .eh_frame      0x000018a4        0x0 c:/freescale/kds_2.0.0/toolchain/bin/../lib/gcc/arm-none-eabi/4.8.0/crtbegin.o
 *(.init)
 .init          0x000018a4        0x4 c:/freescale/kds_2.0.0/toolchain/bin/../lib/gcc/arm-none-eabi/4.8.0/crti.o
                0x000018a4                _init
 .init          0x000018a8        0x8 c:/freescale/kds_2.0.0/toolchain/bin/../lib/gcc/arm-none-eabi/4.8.0/crtn.o
 *(.fini)
 .fini          0x000018b0        0x4 c:/freescale/kds_2.0.0/toolchain/bin/../lib/gcc/arm-none-eabi/4.8.0/crti.o
                0x000018b0                _fini
 .fini          0x000018b4        0x8 c:/freescale/kds_2.0.0/toolchain/bin/../lib/gcc/arm-none-eabi/4.8.0/crtn.o
                0x000018bc                . = ALIGN (0x4)
                0x000018bc                _etext = .

.vfp11_veneer   0x000018bc        0x0
 .vfp11_veneer  0x00000000        0x0 linker stubs

.v4_bx          0x000018bc        0x0
 .v4_bx         0x00000000        0x0 linker stubs

.iplt           0x000018bc        0x0
 .iplt          0x00000000        0x0 c:/freescale/kds_2.0.0/toolchain/bin/../lib/gcc/arm-none-eabi/4.8.0/crtbegin.o

.rel.dyn        0x000018bc        0x0
 .rel.iplt      0x00000000        0x0 c:/freescale/kds_2.0.0/toolchain/bin/../lib/gcc/arm-none-eabi/4.8.0/crtbegin.o

.ARM.extab
 *(.ARM.extab* .gnu.linkonce.armextab.*)

.ARM            0x000018bc        0x0
                0x000018bc                __exidx_start = .
 *(.ARM.exidx*)
                0x000018bc                __exidx_end = .

.ctors          0x000018bc        0x0
                0x000018bc                __CTOR_LIST__ = .
 *crtbegin.o(.ctors)
 *(EXCLUDE_FILE(*crtend.o) .ctors)
 *(SORT(.ctors.*))
 *(.ctors)
                0x000018bc                __CTOR_END__ = .

.dtors          0x000018bc        0x0
                0x000018bc                __DTOR_LIST__ = .
 *crtbegin.o(.dtors)
 *(EXCLUDE_FILE(*crtend.o) .dtors)
 *(SORT(.dtors.*))
 *(.dtors)
                0x000018bc                __DTOR_END__ = .

.preinit_array  0x000018bc        0x0
                0x000018bc                PROVIDE (__preinit_array_start, .)
 *(.preinit_array*)
                0x000018bc                PROVIDE (__preinit_array_end, .)

.init_array     0x000018bc        0x4
                0x000018bc                PROVIDE (__init_array_start, .)
 *(SORT(.init_array.*))
 *(.init_array*)
 .init_array    0x000018bc        0x4 c:/freescale/kds_2.0.0/toolchain/bin/../lib/gcc/arm-none-eabi/4.8.0/crtbegin.o
                0x000018c0                PROVIDE (__init_array_end, .)

.fini_array     0x000018c0        0x4
                0x000018c0                PROVIDE (__fini_array_start, .)
 *(SORT(.fini_array.*))
 *(.fini_array*)
 .fini_array    0x000018c0        0x4 c:/freescale/kds_2.0.0/toolchain/bin/../lib/gcc/arm-none-eabi/4.8.0/crtbegin.o
                0x000018c4                PROVIDE (__fini_array_end, .)
                0x000018c4                ___ROM_AT = .

.mtb            0x1ffff000        0x0
                0x1ffff000                . = ALIGN (0x8)
                0x1ffff000                _mtb_start = .
 *(.mtb_buf)
                0x1ffff000                . = ALIGN (0x8)
                0x1ffff000                _mtb_end = .

.data           0x1ffff000        0x0 load address 0x000018c4
                0x1ffff000                . = ALIGN (0x4)
                0x1ffff000                _sdata = .
 *(.data)
 *(.data*)
                0x1ffff000                . = ALIGN (0x4)
                0x1ffff000                _edata = .
                0x00000000                ___data_size = (_edata - _sdata)

.jcr            0x1ffff000        0x0
 .jcr           0x1ffff000        0x0 c:/freescale/kds_2.0.0/toolchain/bin/../lib/gcc/arm-none-eabi/4.8.0/crtbegin.o

.tm_clone_table
                0x1ffff000        0x0
 .tm_clone_table
                0x1ffff000        0x0 c:/freescale/kds_2.0.0/toolchain/bin/../lib/gcc/arm-none-eabi/4.8.0/crtbegin.o
 .tm_clone_table
                0x1ffff000        0x0 c:/freescale/kds_2.0.0/toolchain/bin/../lib/gcc/arm-none-eabi/4.8.0/crtend.o

.igot.plt       0x1ffff000        0x0
 .igot.plt      0x00000000        0x0 c:/freescale/kds_2.0.0/toolchain/bin/../lib/gcc/arm-none-eabi/4.8.0/crtbegin.o
                0x1ffff000                . = ALIGN (0x4)

.bss            0x1ffff000      0x218
                0x1ffff000                __START_BSS = .
                0x1ffff000                PROVIDE (__bss_start__, __START_BSS)
 *(.bss)
 *(.bss*)
 .bss.completed.6137
                0x1ffff000        0x1 c:/freescale/kds_2.0.0/toolchain/bin/../lib/gcc/arm-none-eabi/4.8.0/crtbegin.o
 *fill*         0x1ffff001        0x3 
 .bss.object.6142
                0x1ffff004       0x18 c:/freescale/kds_2.0.0/toolchain/bin/../lib/gcc/arm-none-eabi/4.8.0/crtbegin.o
 .bss.deviceData
                0x1ffff01c        0xc ./Sources/Application.o
 .bss.ref_state
                0x1ffff028        0x4 ./Sources/Events.o
                0x1ffff028                ref_state
 .bss.num_clocks
                0x1ffff02c        0x4 ./Sources/Events.o
                0x1ffff02c                num_clocks
 .bss.line      0x1ffff030      0x100 ./Sources/Events.o
 .bss.argv      0x1ffff130       0x28 ./Project_Settings/Startup_Code/startup.o
 .bss.ModeFlg   0x1ffff158        0x1 ./Generated_Code/AD1.o
 *fill*         0x1ffff159        0x3 
 .bss.SampleGroup
                0x1ffff15c        0x4 ./Generated_Code/AD1.o
 .bss.OutFlg    0x1ffff160        0x1 ./Generated_Code/AD1.o
 *fill*         0x1ffff161        0x3 
 .bss.DeviceDataPrv__DEFAULT_RTOS_ALLOC
                0x1ffff164       0x18 ./Generated_Code/AS1.o
 .bss.INT_UART0__DEFAULT_RTOS_ISRPARAM
                0x1ffff17c        0x4 ./Generated_Code/AS1.o
 .bss.DeviceDataPrv__DEFAULT_RTOS_ALLOC
                0x1ffff180        0x8 ./Generated_Code/AdcLdd1.o
 .bss.INT_ADC0__DEFAULT_RTOS_ISRPARAM
                0x1ffff188        0x4 ./Generated_Code/AdcLdd1.o
 .bss.DeviceDataPrv__DEFAULT_RTOS_ALLOC
                0x1ffff18c        0x4 ./Generated_Code/BitIoLdd1.o
 .bss.DeviceDataPrv__DEFAULT_RTOS_ALLOC
                0x1ffff190        0x4 ./Generated_Code/BitIoLdd2.o
 .bss.SR_lock   0x1ffff194        0x1 ./Generated_Code/Cpu.o
                0x1ffff194                SR_lock
 *fill*         0x1ffff195        0x3 
 .bss.PE_LDD_DeviceDataList
                0x1ffff198       0x18 ./Generated_Code/PE_LDD.o
                0x1ffff198                PE_LDD_DeviceDataList
 .bss.RxBuf_buffer
                0x1ffff1b0       0x40 ./Generated_Code/RxBuf.o
 .bss.RxBuf_inIdx
                0x1ffff1f0        0x1 ./Generated_Code/RxBuf.o
 .bss.RxBuf_outIdx
                0x1ffff1f1        0x1 ./Generated_Code/RxBuf.o
 .bss.RxBuf_inSize
                0x1ffff1f2        0x1 ./Generated_Code/RxBuf.o
 *fill*         0x1ffff1f3        0x1 
 .bss.DeviceDataPrv__DEFAULT_RTOS_ALLOC
                0x1ffff1f4        0x8 ./Generated_Code/TU1.o
 .bss.INT_LPTimer__DEFAULT_RTOS_ISRPARAM
                0x1ffff1fc        0x4 ./Generated_Code/TU1.o
 .bss.DeviceDataPrv__DEFAULT_RTOS_ALLOC
                0x1ffff200        0xc ./Generated_Code/TimerIntLdd1.o
 *(COMMON)
 COMMON         0x1ffff20c        0x8 ./Generated_Code/AD1.o
                0x1ffff20c                AD1_OutV
                0x1ffff210                AdcLdd1_DeviceDataPtr
 COMMON         0x1ffff214        0x1 ./Generated_Code/Cpu.o
                0x1ffff214                SR_reg
                0x1ffff218                . = ALIGN (0x4)
 *fill*         0x1ffff215        0x3 
                0x1ffff218                __END_BSS = .
                0x1ffff218                PROVIDE (__bss_end__, __END_BSS)
                0x000018c4                _romp_at = (___ROM_AT + SIZEOF (.data))

.romp           0x1ffff218       0x18 load address 0x000018c4
                0x000018c4                __S_romp = _romp_at
                0x1ffff218        0x4 LONG 0x18c4 ___ROM_AT
                0x1ffff21c        0x4 LONG 0x1ffff000 _sdata
                0x1ffff220        0x4 LONG 0x0 ___data_size
                0x1ffff224        0x4 LONG 0x0
                0x1ffff228        0x4 LONG 0x0
                0x1ffff22c        0x4 LONG 0x0

._user_heap_stack
                0x1ffff230      0x400 load address 0x000018dc
                0x1ffff230                . = ALIGN (0x4)
                0x1ffff230                PROVIDE (end, .)
                0x1ffff230                PROVIDE (_end, .)
                0x1ffff230                __heap_addr = .
                0x1ffff230                __HeapBase = .
                0x1ffff230                . = (. + __heap_size)
                0x1ffff230                __HeapLimit = .
                0x1ffff630                . = (. + __stack_size)
 *fill*         0x1ffff230      0x400 
                0x1ffff630                . = ALIGN (0x4)

.ARM.attributes
                0x00000000       0x2f
 *(.ARM.attributes)
 .ARM.attributes
                0x00000000       0x23 c:/freescale/kds_2.0.0/toolchain/bin/../lib/gcc/arm-none-eabi/4.8.0/crti.o
 .ARM.attributes
                0x00000023       0x31 c:/freescale/kds_2.0.0/toolchain/bin/../lib/gcc/arm-none-eabi/4.8.0/crtbegin.o
 .ARM.attributes
                0x00000054       0x32 ./Sources/Application.o
 .ARM.attributes
                0x00000086       0x32 ./Sources/Events.o
 .ARM.attributes
                0x000000b8       0x32 ./Sources/main.o
 .ARM.attributes
                0x000000ea       0x32 ./Project_Settings/Startup_Code/startup.o
 .ARM.attributes
                0x0000011c       0x32 ./Generated_Code/AD1.o
 .ARM.attributes
                0x0000014e       0x32 ./Generated_Code/AS1.o
 .ARM.attributes
                0x00000180       0x32 ./Generated_Code/AdcLdd1.o
 .ARM.attributes
                0x000001b2       0x32 ./Generated_Code/BitIoLdd1.o
 .ARM.attributes
                0x000001e4       0x32 ./Generated_Code/BitIoLdd2.o
 .ARM.attributes
                0x00000216       0x32 ./Generated_Code/Cpu.o
 .ARM.attributes
                0x00000248       0x32 ./Generated_Code/PE_LDD.o
 .ARM.attributes
                0x0000027a       0x32 ./Generated_Code/RxBuf.o
 .ARM.attributes
                0x000002ac       0x32 ./Generated_Code/TI1.o
 .ARM.attributes
                0x000002de       0x32 ./Generated_Code/TU1.o
 .ARM.attributes
                0x00000310       0x32 ./Generated_Code/TimerIntLdd1.o
 .ARM.attributes
                0x00000342       0x32 ./Generated_Code/Vectors.o
 .ARM.attributes
                0x00000374       0x31 c:/freescale/kds_2.0.0/toolchain/bin/../lib/gcc/arm-none-eabi/4.8.0/crtend.o
 .ARM.attributes
                0x000003a5       0x23 c:/freescale/kds_2.0.0/toolchain/bin/../lib/gcc/arm-none-eabi/4.8.0/crtn.o
OUTPUT(camera03.elf elf32-littlearm)

.comment        0x00000000       0x2a
 .comment       0x00000000       0x2a c:/freescale/kds_2.0.0/toolchain/bin/../lib/gcc/arm-none-eabi/4.8.0/crtbegin.o
                                 0x2b (size before relaxing)
 .comment       0x00000000       0x2b ./Sources/Application.o
 .comment       0x00000000       0x2b ./Sources/Events.o
 .comment       0x00000000       0x2b ./Sources/main.o
 .comment       0x00000000       0x2b ./Project_Settings/Startup_Code/startup.o
 .comment       0x00000000       0x2b ./Generated_Code/AD1.o
 .comment       0x00000000       0x2b ./Generated_Code/AS1.o
 .comment       0x00000000       0x2b ./Generated_Code/AdcLdd1.o
 .comment       0x00000000       0x2b ./Generated_Code/BitIoLdd1.o
 .comment       0x00000000       0x2b ./Generated_Code/BitIoLdd2.o
 .comment       0x00000000       0x2b ./Generated_Code/Cpu.o
 .comment       0x00000000       0x2b ./Generated_Code/PE_LDD.o
 .comment       0x00000000       0x2b ./Generated_Code/RxBuf.o
 .comment       0x00000000       0x2b ./Generated_Code/TI1.o
 .comment       0x00000000       0x2b ./Generated_Code/TU1.o
 .comment       0x00000000       0x2b ./Generated_Code/TimerIntLdd1.o
 .comment       0x00000000       0x2b ./Generated_Code/Vectors.o
 .comment       0x00000000       0x2b c:/freescale/kds_2.0.0/toolchain/bin/../lib/gcc/arm-none-eabi/4.8.0/crtend.o

.debug_info     0x00000000     0x34bc
 .debug_info    0x00000000      0x1c5 ./Sources/Application.o
 .debug_info    0x000001c5      0x234 ./Sources/Events.o
 .debug_info    0x000003f9       0x9a ./Sources/main.o
 .debug_info    0x00000493      0x308 ./Project_Settings/Startup_Code/startup.o
 .debug_info    0x0000079b      0x230 ./Generated_Code/AD1.o
 .debug_info    0x000009cb      0x756 ./Generated_Code/AS1.o
 .debug_info    0x00001121      0x8b8 ./Generated_Code/AdcLdd1.o
 .debug_info    0x000019d9      0x36a ./Generated_Code/BitIoLdd1.o
 .debug_info    0x00001d43      0x36a ./Generated_Code/BitIoLdd2.o
 .debug_info    0x000020ad      0x826 ./Generated_Code/Cpu.o
 .debug_info    0x000028d3      0x23b ./Generated_Code/PE_LDD.o
 .debug_info    0x00002b0e      0x1e7 ./Generated_Code/RxBuf.o
 .debug_info    0x00002cf5       0xb2 ./Generated_Code/TI1.o
 .debug_info    0x00002da7      0x49b ./Generated_Code/TU1.o
 .debug_info    0x00003242      0x177 ./Generated_Code/TimerIntLdd1.o
 .debug_info    0x000033b9      0x103 ./Generated_Code/Vectors.o

.debug_abbrev   0x00000000     0x11c5
 .debug_abbrev  0x00000000      0x117 ./Sources/Application.o
 .debug_abbrev  0x00000117      0x135 ./Sources/Events.o
 .debug_abbrev  0x0000024c       0x47 ./Sources/main.o
 .debug_abbrev  0x00000293      0x148 ./Project_Settings/Startup_Code/startup.o
 .debug_abbrev  0x000003db      0x150 ./Generated_Code/AD1.o
 .debug_abbrev  0x0000052b      0x1b8 ./Generated_Code/AS1.o
 .debug_abbrev  0x000006e3      0x1d2 ./Generated_Code/AdcLdd1.o
 .debug_abbrev  0x000008b5      0x136 ./Generated_Code/BitIoLdd1.o
 .debug_abbrev  0x000009eb      0x136 ./Generated_Code/BitIoLdd2.o
 .debug_abbrev  0x00000b21      0x160 ./Generated_Code/Cpu.o
 .debug_abbrev  0x00000c81      0x10d ./Generated_Code/PE_LDD.o
 .debug_abbrev  0x00000d8e       0xf1 ./Generated_Code/RxBuf.o
 .debug_abbrev  0x00000e7f       0x68 ./Generated_Code/TI1.o
 .debug_abbrev  0x00000ee7      0x15d ./Generated_Code/TU1.o
 .debug_abbrev  0x00001044       0xdd ./Generated_Code/TimerIntLdd1.o
 .debug_abbrev  0x00001121       0xa4 ./Generated_Code/Vectors.o

.debug_aranges  0x00000000      0x3a0
 .debug_aranges
                0x00000000       0x38 ./Sources/Application.o
 .debug_aranges
                0x00000038       0x48 ./Sources/Events.o
 .debug_aranges
                0x00000080       0x20 ./Sources/main.o
 .debug_aranges
                0x000000a0       0x60 ./Project_Settings/Startup_Code/startup.o
 .debug_aranges
                0x00000100       0x48 ./Generated_Code/AD1.o
 .debug_aranges
                0x00000148       0x48 ./Generated_Code/AS1.o
 .debug_aranges
                0x00000190       0x60 ./Generated_Code/AdcLdd1.o
 .debug_aranges
                0x000001f0       0x40 ./Generated_Code/BitIoLdd1.o
 .debug_aranges
                0x00000230       0x40 ./Generated_Code/BitIoLdd2.o
 .debug_aranges
                0x00000270       0x38 ./Generated_Code/Cpu.o
 .debug_aranges
                0x000002a8       0x30 ./Generated_Code/PE_LDD.o
 .debug_aranges
                0x000002d8       0x40 ./Generated_Code/RxBuf.o
 .debug_aranges
                0x00000318       0x20 ./Generated_Code/TI1.o
 .debug_aranges
                0x00000338       0x28 ./Generated_Code/TU1.o
 .debug_aranges
                0x00000360       0x28 ./Generated_Code/TimerIntLdd1.o
 .debug_aranges
                0x00000388       0x18 ./Generated_Code/Vectors.o

.debug_ranges   0x00000000      0x298
 .debug_ranges  0x00000000       0x28 ./Sources/Application.o
 .debug_ranges  0x00000028       0x38 ./Sources/Events.o
 .debug_ranges  0x00000060       0x10 ./Sources/main.o
 .debug_ranges  0x00000070       0x50 ./Project_Settings/Startup_Code/startup.o
 .debug_ranges  0x000000c0       0x38 ./Generated_Code/AD1.o
 .debug_ranges  0x000000f8       0x38 ./Generated_Code/AS1.o
 .debug_ranges  0x00000130       0x50 ./Generated_Code/AdcLdd1.o
 .debug_ranges  0x00000180       0x30 ./Generated_Code/BitIoLdd1.o
 .debug_ranges  0x000001b0       0x30 ./Generated_Code/BitIoLdd2.o
 .debug_ranges  0x000001e0       0x28 ./Generated_Code/Cpu.o
 .debug_ranges  0x00000208       0x20 ./Generated_Code/PE_LDD.o
 .debug_ranges  0x00000228       0x30 ./Generated_Code/RxBuf.o
 .debug_ranges  0x00000258       0x10 ./Generated_Code/TI1.o
 .debug_ranges  0x00000268       0x18 ./Generated_Code/TU1.o
 .debug_ranges  0x00000280       0x18 ./Generated_Code/TimerIntLdd1.o

.debug_macro    0x00000000    0x115fe
 .debug_macro   0x00000000      0x13a ./Sources/Application.o
 .debug_macro   0x0000013a      0x802 ./Sources/Application.o
 .debug_macro   0x0000093c      0x214 ./Sources/Application.o
 .debug_macro   0x00000b50     0x1592 ./Sources/Application.o
 .debug_macro   0x000020e2      0x14e ./Sources/Application.o
 .debug_macro   0x00002230       0x64 ./Sources/Application.o
 .debug_macro   0x00002294     0x5f60 ./Sources/Application.o
 .debug_macro   0x000081f4       0x94 ./Sources/Application.o
 .debug_macro   0x00008288      0x254 ./Sources/Application.o
 .debug_macro   0x000084dc       0x9a ./Sources/Application.o
 .debug_macro   0x00008576       0x49 ./Sources/Application.o
 .debug_macro   0x000085bf       0x1c ./Sources/Application.o
 .debug_macro   0x000085db      0x131 ./Sources/Application.o
 .debug_macro   0x0000870c       0x40 ./Sources/Application.o
 .debug_macro   0x0000874c       0x20 ./Sources/Application.o
 .debug_macro   0x0000876c       0x46 ./Sources/Application.o
 .debug_macro   0x000087b2       0x20 ./Sources/Application.o
 .debug_macro   0x000087d2      0x61c ./Sources/Application.o
 .debug_macro   0x00008dee       0x7b ./Sources/Application.o
 .debug_macro   0x00008e69       0x10 ./Sources/Application.o
 .debug_macro   0x00008e79       0x10 ./Sources/Application.o
 .debug_macro   0x00008e89       0x50 ./Sources/Application.o
 .debug_macro   0x00008ed9      0x17e ./Sources/Events.o
 .debug_macro   0x00009057       0x94 ./Sources/Events.o
 .debug_macro   0x000090eb      0x17e ./Sources/main.o
 .debug_macro   0x00009269      0x119 ./Project_Settings/Startup_Code/startup.o
 .debug_macro   0x00009382       0x2e ./Project_Settings/Startup_Code/startup.o
 .debug_macro   0x000093b0       0x2e ./Project_Settings/Startup_Code/startup.o
 .debug_macro   0x000093de       0x95 ./Project_Settings/Startup_Code/startup.o
 .debug_macro   0x00009473       0x3a ./Project_Settings/Startup_Code/startup.o
 .debug_macro   0x000094ad       0x52 ./Project_Settings/Startup_Code/startup.o
 .debug_macro   0x000094ff       0x19 ./Project_Settings/Startup_Code/startup.o
 .debug_macro   0x00009518      0x16d ./Project_Settings/Startup_Code/startup.o
 .debug_macro   0x00009685       0x89 ./Project_Settings/Startup_Code/startup.o
 .debug_macro   0x0000970e       0x10 ./Project_Settings/Startup_Code/startup.o
 .debug_macro   0x0000971e       0x89 ./Project_Settings/Startup_Code/startup.o
 .debug_macro   0x000097a7       0x1c ./Project_Settings/Startup_Code/startup.o
 .debug_macro   0x000097c3       0x10 ./Project_Settings/Startup_Code/startup.o
 .debug_macro   0x000097d3     0x5f54 ./Project_Settings/Startup_Code/startup.o
 .debug_macro   0x0000f727      0x16a ./Generated_Code/AD1.o
 .debug_macro   0x0000f891      0x185 ./Generated_Code/AS1.o
 .debug_macro   0x0000fa16       0x4a ./Generated_Code/AS1.o
 .debug_macro   0x0000fa60      0x322 ./Generated_Code/AS1.o
 .debug_macro   0x0000fd82      0x84c ./Generated_Code/AS1.o
 .debug_macro   0x000105ce       0xb4 ./Generated_Code/AdcLdd1.o
 .debug_macro   0x00010682      0x616 ./Generated_Code/AdcLdd1.o
 .debug_macro   0x00010c98       0x88 ./Generated_Code/BitIoLdd1.o
 .debug_macro   0x00010d20      0x12b ./Generated_Code/BitIoLdd1.o
 .debug_macro   0x00010e4b       0x88 ./Generated_Code/BitIoLdd2.o
 .debug_macro   0x00010ed3       0x40 ./Generated_Code/BitIoLdd2.o
 .debug_macro   0x00010f13      0x160 ./Generated_Code/Cpu.o
 .debug_macro   0x00011073      0x124 ./Generated_Code/PE_LDD.o
 .debug_macro   0x00011197       0x71 ./Generated_Code/RxBuf.o
 .debug_macro   0x00011208      0x14c ./Generated_Code/TI1.o
 .debug_macro   0x00011354       0x9d ./Generated_Code/TU1.o
 .debug_macro   0x000113f1       0xa7 ./Generated_Code/TimerIntLdd1.o
 .debug_macro   0x00011498      0x166 ./Generated_Code/Vectors.o

.debug_line     0x00000000     0x2f2c
 .debug_line    0x00000000      0x323 ./Sources/Application.o
 .debug_line    0x00000323      0x34a ./Sources/Events.o
 .debug_line    0x0000066d      0x2ce ./Sources/main.o
 .debug_line    0x0000093b      0x3cd ./Project_Settings/Startup_Code/startup.o
 .debug_line    0x00000d08      0x37c ./Generated_Code/AD1.o
 .debug_line    0x00001084      0x40d ./Generated_Code/AS1.o
 .debug_line    0x00001491      0x2ec ./Generated_Code/AdcLdd1.o
 .debug_line    0x0000177d      0x233 ./Generated_Code/BitIoLdd1.o
 .debug_line    0x000019b0      0x233 ./Generated_Code/BitIoLdd2.o
 .debug_line    0x00001be3      0x3ff ./Generated_Code/Cpu.o
 .debug_line    0x00001fe2      0x2ad ./Generated_Code/PE_LDD.o
 .debug_line    0x0000228f      0x1f3 ./Generated_Code/RxBuf.o
 .debug_line    0x00002482      0x2f2 ./Generated_Code/TI1.o
 .debug_line    0x00002774      0x214 ./Generated_Code/TU1.o
 .debug_line    0x00002988      0x216 ./Generated_Code/TimerIntLdd1.o
 .debug_line    0x00002b9e      0x38e ./Generated_Code/Vectors.o

.debug_str      0x00000000    0x3d4d3
 .debug_str     0x00000000    0x30e90 ./Sources/Application.o
                              0x31271 (size before relaxing)
 .debug_str     0x00030e90       0xd3 ./Sources/Events.o
                              0x312fa (size before relaxing)
 .debug_str     0x00030f63       0x17 ./Sources/main.o
                              0x31200 (size before relaxing)
 .debug_str     0x00030f7a     0x1cee ./Project_Settings/Startup_Code/startup.o
                              0x24770 (size before relaxing)
 .debug_str     0x00032c68      0x122 ./Generated_Code/AD1.o
                              0x3133e (size before relaxing)
 .debug_str     0x00032d8a     0x9d18 ./Generated_Code/AS1.o
                              0x3af6c (size before relaxing)
 .debug_str     0x0003caa2      0x311 ./Generated_Code/AdcLdd1.o
                              0x2f05a (size before relaxing)
 .debug_str     0x0003cdb3       0xe4 ./Generated_Code/BitIoLdd1.o
                              0x2a962 (size before relaxing)
 .debug_str     0x0003ce97       0xa0 ./Generated_Code/BitIoLdd2.o
                              0x2a962 (size before relaxing)
 .debug_str     0x0003cf37      0x19c ./Generated_Code/Cpu.o
                              0x314da (size before relaxing)
 .debug_str     0x0003d0d3      0x172 ./Generated_Code/PE_LDD.o
                              0x3138e (size before relaxing)
 .debug_str     0x0003d245       0x9f ./Generated_Code/RxBuf.o
                              0x299a5 (size before relaxing)
 .debug_str     0x0003d2e4       0x31 ./Generated_Code/TI1.o
                              0x31218 (size before relaxing)
 .debug_str     0x0003d315       0xe4 ./Generated_Code/TU1.o
                              0x2b8e1 (size before relaxing)
 .debug_str     0x0003d3f9       0xbe ./Generated_Code/TimerIntLdd1.o
                              0x2b7a3 (size before relaxing)
 .debug_str     0x0003d4b7       0x1c ./Generated_Code/Vectors.o
                              0x3122b (size before relaxing)

.debug_frame    0x00000000      0x924
 .debug_frame   0x00000000       0x8c ./Sources/Application.o
 .debug_frame   0x0000008c       0xc4 ./Sources/Events.o
 .debug_frame   0x00000150       0x2c ./Sources/main.o
 .debug_frame   0x0000017c      0x120 ./Project_Settings/Startup_Code/startup.o
 .debug_frame   0x0000029c       0xc8 ./Generated_Code/AD1.o
 .debug_frame   0x00000364       0xd0 ./Generated_Code/AS1.o
 .debug_frame   0x00000434      0x130 ./Generated_Code/AdcLdd1.o
 .debug_frame   0x00000564       0xb0 ./Generated_Code/BitIoLdd1.o
 .debug_frame   0x00000614       0xb0 ./Generated_Code/BitIoLdd2.o
 .debug_frame   0x000006c4       0x80 ./Generated_Code/Cpu.o
 .debug_frame   0x00000744       0x6c ./Generated_Code/PE_LDD.o
 .debug_frame   0x000007b0       0xa4 ./Generated_Code/RxBuf.o
 .debug_frame   0x00000854       0x30 ./Generated_Code/TI1.o
 .debug_frame   0x00000884       0x50 ./Generated_Code/TU1.o
 .debug_frame   0x000008d4       0x50 ./Generated_Code/TimerIntLdd1.o
